../dataCosmic_iter2/ECAL_HV_27_Jan_2025_18_24_05.snap